2026-02-12 19:33:37,761 - INFO - ============================================================
2026-02-12 19:33:37,762 - INFO - NEPSE Prediction Export Tool
2026-02-12 19:33:37,762 - INFO - ============================================================
2026-02-12 19:33:37,762 - INFO - Starting prediction export...
2026-02-12 19:33:37,771 - INFO - Loaded accuracy data for 20 stocks
2026-02-12 19:33:37,783 - INFO - Loaded 43 predictions from lstm_predictions.csv
2026-02-12 19:33:37,784 - INFO - Loaded 23 predictions from xgboost_predictions.csv
2026-02-12 19:33:37,784 - ERROR - Export failed
2026-02-12 19:36:41,273 - INFO - ============================================================
2026-02-12 19:36:41,273 - INFO - NEPSE Prediction Export Tool
2026-02-12 19:36:41,274 - INFO - ============================================================
2026-02-12 19:36:41,274 - INFO - Starting prediction export...
2026-02-12 19:36:41,275 - INFO - Loaded accuracy data for 20 stocks
2026-02-12 19:36:41,279 - INFO - Loaded 43 predictions from lstm_predictions.csv
2026-02-12 19:36:41,281 - INFO - Loaded 23 predictions from xgboost_predictions.csv
2026-02-12 19:36:41,325 - INFO - Combined 43 predictions
2026-02-12 19:36:41,344 - INFO - Successfully exported 20 stock predictions to C:\Users\chitr\NepseProject\scripts\..\web\data\predictions.json
2026-02-12 19:36:41,344 - INFO - Exporting history data for charts
2026-02-12 19:36:41,430 - INFO - Successfully exported history data to C:\Users\chitr\NepseProject\scripts\..\web\data\history.json
2026-02-12 19:36:41,430 - INFO - Export completed successfully
2026-02-12 19:41:25,680 - INFO - ============================================================
2026-02-12 19:41:25,680 - INFO - NEPSE Prediction Export Tool
2026-02-12 19:41:25,681 - INFO - ============================================================
2026-02-12 19:41:25,681 - INFO - Starting prediction export...
2026-02-12 19:41:25,681 - INFO - Loaded accuracy data for 20 stocks
2026-02-12 19:41:25,683 - INFO - Loaded 43 predictions from lstm_predictions.csv
2026-02-12 19:41:25,684 - INFO - Loaded 23 predictions from xgboost_predictions.csv
2026-02-12 19:41:25,687 - INFO - Combined 43 predictions
2026-02-12 19:41:25,702 - INFO - Successfully exported 20 stock predictions to C:\Users\chitr\NepseProject\scripts\..\web\data\predictions.json
2026-02-12 19:41:25,705 - INFO - Exporting history data for charts
2026-02-12 19:41:25,713 - INFO - Loaded 43 predictions from lstm_predictions.csv
2026-02-12 19:41:25,714 - INFO - Loaded 23 predictions from xgboost_predictions.csv
2026-02-12 19:41:25,834 - INFO - Successfully exported history data to C:\Users\chitr\NepseProject\scripts\..\web\data\history.json
2026-02-12 19:41:25,834 - INFO - Export completed successfully
2026-02-13 00:09:59,909 - INFO - ============================================================
2026-02-13 00:09:59,910 - INFO - NEPSE Prediction Export Tool
2026-02-13 00:09:59,910 - INFO - ============================================================
2026-02-13 00:09:59,910 - INFO - Starting prediction export...
2026-02-13 00:09:59,911 - INFO - Loaded accuracy data for 20 stocks
2026-02-13 00:09:59,914 - INFO - Loaded 63 predictions from lstm_predictions.csv
2026-02-13 00:09:59,916 - INFO - Loaded 43 predictions from xgboost_predictions.csv
2026-02-13 00:09:59,953 - INFO - Combined 82 predictions
2026-02-13 00:09:59,984 - INFO - Successfully exported 20 stock predictions to C:\Users\chitr\NepseProject\scripts\..\web\data\predictions.json
2026-02-13 00:09:59,985 - INFO - Exporting history data for charts
2026-02-13 00:09:59,987 - INFO - Loaded 63 predictions from lstm_predictions.csv
2026-02-13 00:09:59,990 - INFO - Loaded 43 predictions from xgboost_predictions.csv
2026-02-13 00:10:00,197 - INFO - Successfully exported history data to C:\Users\chitr\NepseProject\scripts\..\web\data\history.json
2026-02-13 00:10:00,198 - INFO - Export completed successfully
2026-02-13 00:13:23,596 - INFO - ============================================================
2026-02-13 00:13:23,596 - INFO - NEPSE Prediction Export Tool
2026-02-13 00:13:23,597 - INFO - ============================================================
2026-02-13 00:13:23,597 - INFO - Starting prediction export...
2026-02-13 00:13:23,598 - INFO - Loaded accuracy data for 20 stocks
2026-02-13 00:13:23,601 - INFO - Loaded 63 predictions from lstm_predictions.csv
2026-02-13 00:13:23,602 - INFO - Loaded 43 predictions from xgboost_predictions.csv
2026-02-13 00:13:23,611 - INFO - Combined 82 predictions
2026-02-13 00:13:23,639 - INFO - Successfully exported 20 stock predictions to C:\Users\chitr\NepseProject\scripts\..\web\data\predictions.json
2026-02-13 00:13:23,640 - INFO - Exporting history data for charts
2026-02-13 00:13:23,643 - INFO - Loaded 63 predictions from lstm_predictions.csv
2026-02-13 00:13:23,645 - INFO - Loaded 43 predictions from xgboost_predictions.csv
2026-02-13 00:13:23,848 - INFO - Successfully exported history data to C:\Users\chitr\NepseProject\scripts\..\web\data\history.json
2026-02-13 00:13:23,848 - INFO - Export completed successfully
2026-02-14 03:52:45,764 - INFO - ============================================================
2026-02-14 03:52:45,765 - INFO - NEPSE Prediction Export Tool
2026-02-14 03:52:45,765 - INFO - ============================================================
2026-02-14 03:52:45,766 - INFO - Starting prediction export...
2026-02-14 03:52:45,767 - INFO - Loaded accuracy data for 20 stocks
2026-02-14 03:52:45,782 - INFO - Loaded 63 predictions from lstm_predictions.csv
2026-02-14 03:52:45,786 - INFO - Loaded 43 predictions from xgboost_predictions.csv
2026-02-14 03:52:45,842 - INFO - Combined 82 predictions
2026-02-14 03:52:45,866 - INFO - Successfully exported 20 stock predictions to C:\Users\chitr\NepseProject\scripts\..\web\data\predictions.json
2026-02-14 03:52:45,867 - INFO - Exporting history data for charts
2026-02-14 03:52:45,870 - INFO - Loaded 63 predictions from lstm_predictions.csv
2026-02-14 03:52:45,872 - INFO - Loaded 43 predictions from xgboost_predictions.csv
2026-02-14 03:52:46,067 - INFO - Successfully exported history data to C:\Users\chitr\NepseProject\scripts\..\web\data\history.json
2026-02-14 03:52:46,068 - INFO - Export completed successfully
